// Jest Snapshot v1, https://goo.gl/fbAQLP

exports[`Plotly Scatterplot, snapshot matches snapshot 1`] = `
<div style="width:100%;height:100%;">
    <!---->
    <div tabindex="-1" class="resize-observer" data-v-b329ee4c></div>
    <div id="foobar" style="width:100%;height:100%;"></div>
    <div id="foobartooltip" class="d3_visuals_tooltip" style="position:absolute;z-index:1000;opacity:0;"></div>
</div>
`;
